 KPT            1  SPIN            1  KWEIGHT    1.0000000000000000     
     1   -15.370  2.00000
     2    -5.265  2.00000
     3    -4.869  2.00000
     4    -4.866  2.00000
     5    -4.251  0.00000
     6    -2.417  0.00000
     7     0.554  0.00000
     8     0.567  0.00000
     9    12.655  0.00000

