 KPT            1  SPIN            1  KWEIGHT    1.0000000000000000     
     1   -15.260  2.00000
     2    -6.544  2.00000
     3    -5.231  2.00000
     4    -5.094  2.00000
     5    -4.461  0.00000
     6    -0.965  0.00000
     7    -0.132  0.00000
     8     0.568  0.00000
     9     8.253  0.00000

