 Fermi distribution function

Geometry optimization step: 58

Coordinates of moved atoms (au):
    1     -1.47872290     -0.34284377     -1.30800234
    2      4.07411799      4.07530831      4.45176488
    3      1.29126117      4.39064270      4.12707216

 Total charge:     1.00000000

 Atomic gross charges (e)
 Atom           Charge
    1       0.46393495
    2       0.46116728
    3       0.07489777

Nr. of electrons (up):      8.00000000
Atom populations (up)
 Atom       Population
    1       3.53606505
    2       3.53883272
    3       0.92510223

l-shell populations (up)
 Atom Sh.   l       Population
    1   1   0       1.75353074
    1   2   1       1.78253431
    2   1   0       1.75565450
    2   2   1       1.78317822
    3   1   0       0.92510223

Orbital populations (up)
 Atom Sh.   l   m       Population  Label
    1   1   0   0       1.75353074  s
    1   2   1  -1       0.57956613  p_y
    1   2   1   0       0.56579756  p_z
    1   2   1   1       0.63717061  p_x
    2   1   0   0       1.75565450  s
    2   2   1  -1       0.57782764  p_y
    2   2   1   0       0.56425392  p_z
    2   2   1   1       0.64109666  p_x
    3   1   0   0       0.92510223  s

Fermi level:                        -0.1755660256 H           -4.7774 eV
Band energy:                        -2.3613666790 H          -64.2561 eV
TS:                                  0.0000000000 H            0.0000 eV
Band free energy (E-TS):            -2.3613666790 H          -64.2561 eV
Extrapolated E(0K):                 -2.3613666790 H          -64.2561 eV
Output electrons (q):      8.0000000000

Energy H0:                          -2.3613666790 H          -64.2561 eV
Total Electronic energy:            -2.3613666790 H          -64.2561 eV
Repulsive energy:                    0.0036298572 H            0.0988 eV
Total energy:                       -2.3577368218 H          -64.1573 eV
Extrapolated to 0:                  -2.3577368218 H          -64.1573 eV
Total Mermin free energy:           -2.3577368218 H          -64.1573 eV
Force related energy:               -2.3577368218 H          -64.1573 eV

Non-SCC calculation

Full geometry written in geo_end.{xyz|gen}

Geometry converged

