 KPT            1  SPIN            1  KWEIGHT    1.0000000000000000     
     1   -15.260  2.00000
     2    -6.546  2.00000
     3    -5.231  2.00000
     4    -5.091  2.00000
     5    -4.464  0.00000
     6    -0.958  0.00000
     7    -0.128  0.00000
     8     0.554  0.00000
     9     8.211  0.00000

