 Entering Gaussian System, Link 0=g16
 Initial command:
 /apps/gaussian/G16RevB.01/pgi/17.5/g16/l1.exe "/scratch/Gau-3136.inp" -scrdir="/scratch/"
 Entering Link 1 = /apps/gaussian/G16RevB.01/pgi/17.5/g16/l1.exe PID=      3143.
  
 Copyright (c) 1988-2017, Gaussian, Inc.  All Rights Reserved.
  
 This is part of the Gaussian(R) 16 program.  It is based on
 the Gaussian(R) 09 system (copyright 2009, Gaussian, Inc.),
 the Gaussian(R) 03 system (copyright 2003, Gaussian, Inc.),
 the Gaussian(R) 98 system (copyright 1998, Gaussian, Inc.),
 the Gaussian(R) 94 system (copyright 1995, Gaussian, Inc.),
 the Gaussian 92(TM) system (copyright 1992, Gaussian, Inc.),
 the Gaussian 90(TM) system (copyright 1990, Gaussian, Inc.),
 the Gaussian 88(TM) system (copyright 1988, Gaussian, Inc.),
 the Gaussian 86(TM) system (copyright 1986, Carnegie Mellon
 University), and the Gaussian 82(TM) system (copyright 1983,
 Carnegie Mellon University). Gaussian is a federally registered
 trademark of Gaussian, Inc.
  
 This software contains proprietary and confidential information,
 including trade secrets, belonging to Gaussian, Inc.
  
 This software is provided under written license and may be
 used, copied, transmitted, or stored only in accord with that
 written license.
  
 The following legend is applicable only to US Government
 contracts under FAR:
  
                    RESTRICTED RIGHTS LEGEND
  
 Use, reproduction and disclosure by the US Government is
 subject to restrictions as set forth in subparagraphs (a)
 and (c) of the Commercial Computer Software - Restricted
 Rights clause in FAR 52.227-19.
  
 Gaussian, Inc.
 340 Quinnipiac St., Bldg. 40, Wallingford CT 06492
  
  
 ---------------------------------------------------------------
 Warning -- This program may not be used in any manner that
 competes with the business of Gaussian, Inc. or will provide
 assistance to any competitor of Gaussian, Inc.  The licensee
 of this program is prohibited from giving any competitor of
 Gaussian, Inc. access to this program.  By using this program,
 the user acknowledges that Gaussian, Inc. is engaged in the
 business of creating and licensing software in the field of
 computational chemistry and represents and warrants to the
 licensee that it is not a competitor of Gaussian, Inc. and that
 it will not use this program in any manner prohibited above.
 ---------------------------------------------------------------
  

 Cite this work as:
 Gaussian 16, Revision B.01,
 M. J. Frisch, G. W. Trucks, H. B. Schlegel, G. E. Scuseria, 
 M. A. Robb, J. R. Cheeseman, G. Scalmani, V. Barone, 
 G. A. Petersson, H. Nakatsuji, X. Li, M. Caricato, A. V. Marenich, 
 J. Bloino, B. G. Janesko, R. Gomperts, B. Mennucci, H. P. Hratchian, 
 J. V. Ortiz, A. F. Izmaylov, J. L. Sonnenberg, D. Williams-Young, 
 F. Ding, F. Lipparini, F. Egidi, J. Goings, B. Peng, A. Petrone, 
 T. Henderson, D. Ranasinghe, V. G. Zakrzewski, J. Gao, N. Rega, 
 G. Zheng, W. Liang, M. Hada, M. Ehara, K. Toyota, R. Fukuda, 
 J. Hasegawa, M. Ishida, T. Nakajima, Y. Honda, O. Kitao, H. Nakai, 
 T. Vreven, K. Throssell, J. A. Montgomery, Jr., J. E. Peralta, 
 F. Ogliaro, M. J. Bearpark, J. J. Heyd, E. N. Brothers, K. N. Kudin, 
 V. N. Staroverov, T. A. Keith, R. Kobayashi, J. Normand, 
 K. Raghavachari, A. P. Rendell, J. C. Burant, S. S. Iyengar, 
 J. Tomasi, M. Cossi, J. M. Millam, M. Klene, C. Adamo, R. Cammi, 
 J. W. Ochterski, R. L. Martin, K. Morokuma, O. Farkas, 
 J. B. Foresman, and D. J. Fox, Gaussian, Inc., Wallingford CT, 2016.
 
 ******************************************
 Gaussian 16:  ES64L-G16RevB.01 20-Dec-2017
                20-Jan-2021 
 ******************************************
 %nprocshared=16
 Will use up to   16 processors via shared memory.
 ----------------
 #N B3LYP/EPR-III
 ----------------
 1/38=1,172=1/1;
 2/12=2,17=6,18=5,40=1/2;
 3/5=22,11=2,25=1,30=1,74=-5/1,2,3;
 4//1;
 5/5=2,38=5/2;
 6/7=2,8=2,9=2,10=2,28=1/1;
 99/5=1,9=1/99;
 ------------------------------
 Gaussian input prepared by ASE
 ------------------------------
 Symbolic Z-matrix:
 Charge =  0 Multiplicity = 1
 C                     0.        0.        0.66748 
 C                     0.        0.       -0.66748 
 H                     0.        0.92283   1.2377 
 H                     0.       -0.92283   1.2377 
 H                     0.        0.92283  -1.2377 
 H                     0.       -0.92283  -1.2377 
 
                          Input orientation:                          
 ---------------------------------------------------------------------
 Center     Atomic      Atomic             Coordinates (Angstroms)
 Number     Number       Type             X           Y           Z
 ---------------------------------------------------------------------
      1          6           0        0.000000    0.000000    0.667480
      2          6           0        0.000000    0.000000   -0.667480
      3          1           0        0.000000    0.922832    1.237695
      4          1           0        0.000000   -0.922832    1.237695
      5          1           0        0.000000    0.922832   -1.237695
      6          1           0        0.000000   -0.922832   -1.237695
 ---------------------------------------------------------------------
                    Distance matrix (angstroms):
                    1          2          3          4          5
     1  C    0.000000
     2  C    1.334960   0.000000
     3  H    1.084788   2.116911   0.000000
     4  H    1.084788   2.116911   1.845664   0.000000
     5  H    2.116911   1.084788   2.475390   3.087723   0.000000
     6  H    2.116911   1.084788   3.087723   2.475390   1.845664
                    6
     6  H    0.000000
 Stoichiometry    C2H4
 Framework group  D2H[C2"(C.C),SG(H4)]
 Deg. of freedom     3
 Full point group                 D2H     NOp   8
 Largest Abelian subgroup         D2H     NOp   8
 Largest concise Abelian subgroup D2      NOp   4
                         Standard orientation:                         
 ---------------------------------------------------------------------
 Center     Atomic      Atomic             Coordinates (Angstroms)
 Number     Number       Type             X           Y           Z
 ---------------------------------------------------------------------
      1          6           0        0.000000    0.000000    0.667480
      2          6           0        0.000000    0.000000   -0.667480
      3          1           0        0.000000    0.922832    1.237695
      4          1           0       -0.000000   -0.922832    1.237695
      5          1           0        0.000000    0.922832   -1.237695
      6          1           0       -0.000000   -0.922832   -1.237695
 ---------------------------------------------------------------------
 Rotational constants (GHZ):         147.2064278          29.9604352          24.8938688
 Standard basis: EPR-III (5D, 7F)
 There are    31 symmetry adapted cartesian basis functions of AG  symmetry.
 There are     5 symmetry adapted cartesian basis functions of B1G symmetry.
 There are    12 symmetry adapted cartesian basis functions of B2G symmetry.
 There are    19 symmetry adapted cartesian basis functions of B3G symmetry.
 There are     5 symmetry adapted cartesian basis functions of AU  symmetry.
 There are    31 symmetry adapted cartesian basis functions of B1U symmetry.
 There are    19 symmetry adapted cartesian basis functions of B2U symmetry.
 There are    12 symmetry adapted cartesian basis functions of B3U symmetry.
 There are    28 symmetry adapted basis functions of AG  symmetry.
 There are     5 symmetry adapted basis functions of B1G symmetry.
 There are    11 symmetry adapted basis functions of B2G symmetry.
 There are    18 symmetry adapted basis functions of B3G symmetry.
 There are     5 symmetry adapted basis functions of AU  symmetry.
 There are    28 symmetry adapted basis functions of B1U symmetry.
 There are    18 symmetry adapted basis functions of B2U symmetry.
 There are    11 symmetry adapted basis functions of B3U symmetry.
   124 basis functions,   168 primitive gaussians,   134 cartesian basis functions
     8 alpha electrons        8 beta electrons
       nuclear repulsion energy        33.3211377381 Hartrees.
 NAtoms=    6 NActive=    6 NUniq=    2 SFac= 4.00D+00 NAtFMM=   60 NAOKFM=F Big=F
 Integral buffers will be    131072 words long.
 Raffenetti 2 integral format.
 Two-electron integral symmetry is turned on.
 One-electron integrals computed using PRISM.
 PrsmSu:  requested number of processors reduced to:  13 ShMem   1 Linda.
 NBasis=   124 RedAO= T EigKep=  4.12D-05  NBF=    28     5    11    18     5    28    18    11
 NBsUse=   124 1.00D-06 EigRej= -1.00D+00 NBFU=    28     5    11    18     5    28    18    11
 ExpMin= 3.26D-02 ExpMax= 1.64D+04 ExpMxC= 2.43D+03 IAcc=3 IRadAn=         5 AccDes= 0.00D+00
 Harris functional with IExCor=  402 and IRadAn=       5 diagonalized for initial guess.
 HarFok:  IExCor=  402 AccDes= 0.00D+00 IRadAn=         5 IDoV= 1 UseB2=F ITyADJ=14
 ICtDFT=  3500011 ScaDFX=  1.000000  1.000000  1.000000  1.000000
 FoFCou: FMM=F IPFlag=           0 FMFlag=      100000 FMFlg1=           0
         NFxFlg=           0 DoJE=T BraDBF=F KetDBF=T FulRan=T
         wScrn=  0.000000 ICntrl=       500 IOpCl=  0 I1Cent=   200000004 NGrid=           0
         NMat0=    1 NMatS0=      1 NMatT0=    0 NMatD0=    1 NMtDS0=    0 NMtDT0=    0
 Petite list used in FoFCou.
 Initial guess orbital symmetries:
       Occupied  (AG) (B1U) (AG) (B1U) (B2U) (AG) (B3G) (B3U)
       Virtual   (B2G) (AG) (B2U) (B1U) (B3U) (AG) (B3G) (AG) (B2U)
                 (B2G) (B1U) (B1U) (B3G) (B1U) (AG) (B2U) (AG)
                 (B3U) (B2U) (B1U) (AG) (B2G) (B1U) (B3G) (B1G)
                 (B1U) (B3G) (AU) (B3U) (B2U) (AG) (AG) (B1U) (B3G)
                 (AG) (B2U) (B1U) (B3G) (B2G) (B3U) (B1G) (B3U)
                 (B2U) (B2G) (B2G) (B1U) (AG) (B1U) (AG) (B3G)
                 (AU) (B2U) (B1U) (AG) (B3G) (AG) (B2U) (B1U) (B3G)
                 (B1U) (B3U) (B1G) (B2U) (AG) (AG) (B1G) (B3U)
                 (AU) (B2G) (B2U) (B2U) (B1U) (B3G) (B2G) (AG)
                 (B1U) (B3U) (AU) (B3G) (B3G) (B1U) (B2G) (B3U)
                 (AG) (B2U) (AG) (B1U) (B3U) (B1G) (B2G) (B3G)
                 (B1U) (AU) (AG) (B2U) (B2G) (AG) (B2U) (B3G) (B1U)
                 (B3G) (AG) (B1U) (B2U) (B3G) (B1U) (AG) (B1U)
                 (AG) (B1U) (AG) (B2U) (B3G) (B1U) (AG) (B1U)
 The electronic state of the initial guess is 1-AG.
 Keep R1 ints in memory in symmetry-blocked form, NReq=45418909.
 Requested convergence on RMS density matrix=1.00D-08 within 128 cycles.
 Requested convergence on MAX density matrix=1.00D-06.
 Requested convergence on             energy=1.00D-06.
 No special actions if energy rises.
 SCF Done:  E(RB3LYP) =  -78.6279677677     A.U. after    8 cycles
            NFock=  8  Conv=0.17D-08     -V/T= 2.0061

 **********************************************************************

            Population analysis using the SCF Density.

 **********************************************************************

 Orbital symmetries:
       Occupied  (AG) (B1U) (AG) (B1U) (B2U) (AG) (B3G) (B3U)
       Virtual   (B2G) (AG) (B1U) (B2U) (B3U) (B3G) (AG) (AG) (B2G)
                 (B1U) (B2U) (B1U) (B3G) (AG) (B1U) (B2U) (B3U)
                 (AG) (B2U) (B1U) (AG) (B2G) (B3G) (B1U) (B3G)
                 (B1G) (B1U) (AU) (B3U) (B2U) (AG) (AG) (B1U) (B3G)
                 (AG) (B2U) (B1U) (B3G) (B2G) (B1G) (B3U) (B3U)
                 (B2U) (B2G) (B1U) (B2G) (AG) (B1U) (AG) (B3G)
                 (AU) (B2U) (B1U) (AG) (B3G) (AG) (B2U) (B1U) (B3G)
                 (B1U) (B3U) (B1G) (B2U) (AG) (AG) (B1G) (B3U)
                 (AU) (B2G) (B2U) (B2U) (B1U) (B3G) (B2G) (AG)
                 (B1U) (B3U) (B3G) (AU) (B3G) (B1U) (B3U) (B2G)
                 (AG) (B2U) (AG) (B1U) (B1G) (B3U) (B2G) (B3G)
                 (B1U) (AU) (AG) (B2U) (B2G) (AG) (B2U) (B3G) (B1U)
                 (B3G) (AG) (B1U) (B2U) (B3G) (B1U) (AG) (B1U)
                 (AG) (B1U) (AG) (B2U) (B3G) (B1U) (AG) (B1U)
 The electronic state is 1-AG.
 Alpha  occ. eigenvalues --  -10.17792 -10.17701  -0.76482  -0.58555  -0.47432
 Alpha  occ. eigenvalues --   -0.42694  -0.36183  -0.28089
 Alpha virt. eigenvalues --   -0.01280   0.00379   0.01978   0.02537   0.04223
 Alpha virt. eigenvalues --    0.05498   0.06261   0.08133   0.08636   0.11033
 Alpha virt. eigenvalues --    0.11049   0.12332   0.16190   0.21319   0.21501
 Alpha virt. eigenvalues --    0.24574   0.27077   0.27197   0.29596   0.30979
 Alpha virt. eigenvalues --    0.32668   0.33054   0.38865   0.39127   0.49114
 Alpha virt. eigenvalues --    0.50092   0.53913   0.63937   0.67525   0.71217
 Alpha virt. eigenvalues --    0.73614   0.80474   0.80602   0.86613   0.89458
 Alpha virt. eigenvalues --    0.90375   0.93258   0.95107   0.96701   1.02544
 Alpha virt. eigenvalues --    1.03820   1.06038   1.09088   1.14223   1.21760
 Alpha virt. eigenvalues --    1.23069   1.26235   1.29473   1.33985   1.37205
 Alpha virt. eigenvalues --    1.40185   1.40274   1.57464   1.67054   1.70851
 Alpha virt. eigenvalues --    1.75333   1.76280   1.91093   2.02870   2.18986
 Alpha virt. eigenvalues --    2.51571   2.73611   2.78297   2.79591   2.87473
 Alpha virt. eigenvalues --    2.90758   2.90982   2.94855   3.03050   3.07256
 Alpha virt. eigenvalues --    3.14577   3.15988   3.20714   3.22147   3.38160
 Alpha virt. eigenvalues --    3.40201   3.44402   3.50694   3.52502   3.57742
 Alpha virt. eigenvalues --    3.71165   3.73425   3.73848   3.79832   3.91844
 Alpha virt. eigenvalues --    3.93570   3.99206   4.02340   4.04249   4.16863
 Alpha virt. eigenvalues --    4.23544   4.24109   4.31002   4.45877   4.67345
 Alpha virt. eigenvalues --    4.73186   5.09388   5.33586   5.38726   5.43115
 Alpha virt. eigenvalues --    5.53940   5.62991   5.92017   6.06630   6.33328
 Alpha virt. eigenvalues --    6.57874   7.62553   8.48775  29.07207  29.63717
 Alpha virt. eigenvalues --   37.13747  37.17473  37.33450  37.49255 133.50833
 Alpha virt. eigenvalues --  134.14620
          Condensed to atoms (all electrons):
               1          2          3          4          5          6
     1  C    4.888579   0.604531   0.412292   0.412292  -0.035943  -0.035943
     2  C    0.604531   4.888579  -0.035943  -0.035943   0.412292   0.412292
     3  H    0.412292  -0.035943   0.558013  -0.052206  -0.020095   0.015035
     4  H    0.412292  -0.035943  -0.052206   0.558013   0.015035  -0.020095
     5  H   -0.035943   0.412292  -0.020095   0.015035   0.558013  -0.052206
     6  H   -0.035943   0.412292   0.015035  -0.020095  -0.052206   0.558013
 Mulliken charges:
               1
     1  C   -0.245807
     2  C   -0.245807
     3  H    0.122903
     4  H    0.122903
     5  H    0.122903
     6  H    0.122903
 Sum of Mulliken charges =  -0.00000
 Mulliken charges with hydrogens summed into heavy atoms:
               1
     1  C   -0.000000
     2  C   -0.000000
 Electronic spatial extent (au):  <R**2>=             83.4175
 Charge=             -0.0000 electrons
 Dipole moment (field-independent basis, Debye):
    X=             -0.0000    Y=              0.0000    Z=              0.0000  Tot=              0.0000
 Quadrupole moment (field-independent basis, Debye-Ang):
   XX=            -15.8060   YY=            -12.4942   ZZ=            -12.4258
   XY=              0.0000   XZ=              0.0000   YZ=              0.0000
 Traceless Quadrupole moment (field-independent basis, Debye-Ang):
   XX=             -2.2306   YY=              1.0811   ZZ=              1.1495
   XY=              0.0000   XZ=              0.0000   YZ=              0.0000
 Octapole moment (field-independent basis, Debye-Ang**2):
  XXX=             -0.0000  YYY=             -0.0000  ZZZ=             -0.0000  XYY=             -0.0000
  XXY=              0.0000  XXZ=             -0.0000  XZZ=             -0.0000  YZZ=              0.0000
  YYZ=              0.0000  XYZ=             -0.0000
 Hexadecapole moment (field-independent basis, Debye-Ang**3):
 XXXX=            -20.5611 YYYY=            -28.1677 ZZZZ=            -70.5339 XXXY=             -0.0000
 XXXZ=              0.0000 YYYX=             -0.0000 YYYZ=              0.0000 ZZZX=              0.0000
 ZZZY=              0.0000 XXYY=             -8.8222 XXZZ=            -16.1003 YYZZ=            -13.9042
 XXYZ=             -0.0000 YYXZ=              0.0000 ZZXY=              0.0000
 N-N= 3.332113773807D+01 E-N=-2.483862382718D+02  KE= 7.815200732140D+01
 Symmetry AG   KE= 3.756892731783D+01
 Symmetry B1G  KE= 3.227927108404D-33
 Symmetry B2G  KE=-7.427772880527D-20
 Symmetry B3G  KE= 2.132973798681D+00
 Symmetry AU   KE= 9.401630679157D-33
 Symmetry B1U  KE= 3.445764927693D+01
 Symmetry B2U  KE= 1.918492773487D+00
 Symmetry B3U  KE= 2.073964154470D+00
 1\1\GINC-CN293\SP\RB3LYP\EPR-III\C2H4\SCARF978\20-Jan-2021\0\\#N B3LYP
 /EPR-III\\Gaussian input prepared by ASE\\0,1\C,0,0.,0.,0.66748\C,0,0.
 ,0.,-0.66748\H,0,0.,0.922832,1.237695\H,0,0.,-0.922832,1.237695\H,0,0.
 ,0.922832,-1.237695\H,0,0.,-0.922832,-1.237695\\Version=ES64L-G16RevB.
 01\State=1-AG\HF=-78.6279678\RMSD=1.716e-09\Dipole=0.,0.,0.\Quadrupole
 =-1.6584329,0.8037846,0.8546483,0.,0.,0.\PG=D02H [C2"(C1.C1),SG(H4)]\\
 @


 Once you get people laughing, they're
 listening and you can tell them almost anything.
                                 -- Herb Gardner
 Job cpu time:       0 days  0 hours  0 minutes 37.4 seconds.
 Elapsed time:       0 days  0 hours  0 minutes  2.9 seconds.
 File lengths (MBytes):  RWF=     10 Int=      0 D2E=      0 Chk=      2 Scr=      1
 Normal termination of Gaussian 16 at Wed Jan 20 09:58:06 2021.
