 KPT            1  SPIN            1  KWEIGHT    1.0000000000000000     
     1   -16.995  1.00000
     2   -13.311  1.00000
     3   -10.011  1.00000
     4    -9.322  1.00000
     5    -8.132  1.00000
     6    -7.827  1.00000
     7    -6.639  1.00000
     8    -2.826  0.00000
     9     8.151  0.00000
    10    12.028  0.00000
    11    12.609  0.00000
    12    13.920  0.00000
    13    16.740  0.00000

 KPT            1  SPIN            2  KWEIGHT    1.0000000000000000     
     1   -16.943  1.00000
     2   -13.239  1.00000
     3    -9.973  1.00000
     4    -9.081  1.00000
     5    -8.117  1.00000
     6    -7.189  1.00000
     7    -4.108  0.00000
     8    -2.558  0.00000
     9     8.167  0.00000
    10    12.069  0.00000
    11    12.622  0.00000
    12    13.961  0.00000
    13    16.780  0.00000

