 Fermi distribution function

Calculation with static geometry


********************************************************************************
 iSCC Total electronic   Diff electronic      SCC error    
   12   -0.50891511E+01   -0.63620398E-09    0.69130943E-05
********************************************************************************

 Total charge:     0.00000000

 Atomic gross charges (e)
 Atom           Charge
    1      -0.22075844
    2      -0.14677996
    3       0.10553125
    4       0.10553125
    5       0.09861158
    6       0.09861158
    7      -0.04074726

Nr. of electrons (up):      7.00000000
Atom populations (up)
 Atom       Population
    1       2.08680012
    2       2.13216362
    3       0.45253318
    4       0.45253318
    5       0.44805202
    6       0.44805202
    7       0.97986585

l-shell populations (up)
 Atom Sh.   l       Population
    1   1   0       0.66807655
    1   2   1       1.41872357
    2   1   0       0.66803242
    2   2   1       1.46413120
    3   1   0       0.45253318
    4   1   0       0.45253318
    5   1   0       0.44805202
    6   1   0       0.44805202
    7   1   0       0.97986585

Orbital populations (up)
 Atom Sh.   l   m       Population  Label
    1   1   0   0       0.66807655  s
    1   2   1  -1       0.48810903  p_y
    1   2   1   0       0.45878884  p_z
    1   2   1   1       0.47182571  p_x
    2   1   0   0       0.66803242  s
    2   2   1  -1       0.48594434  p_y
    2   2   1   0       0.48914693  p_z
    2   2   1   1       0.48903992  p_x
    3   1   0   0       0.45253318  s
    4   1   0   0       0.45253318  s
    5   1   0   0       0.44805202  s
    6   1   0   0       0.44805202  s
    7   1   0   0       0.97986585  s

Nr. of electrons (down):      6.00000000
Atom populations (down)
 Atom       Population
    1       2.13395831
    2       2.01461634
    3       0.44193557
    4       0.44193557
    5       0.45333640
    6       0.45333640
    7       0.06088141

l-shell populations (down)
 Atom Sh.   l       Population
    1   1   0       0.67011764
    1   2   1       1.46384067
    2   1   0       0.65896957
    2   2   1       1.35564677
    3   1   0       0.44193557
    4   1   0       0.44193557
    5   1   0       0.45333640
    6   1   0       0.45333640
    7   1   0       0.06088141

Orbital populations (down)
 Atom Sh.   l   m       Population  Label
    1   1   0   0       0.67011764  s
    1   2   1  -1       0.49218790  p_y
    1   2   1   0       0.46193981  p_z
    1   2   1   1       0.50971296  p_x
    2   1   0   0       0.65896957  s
    2   2   1  -1       0.47951740  p_y
    2   2   1   0       0.46637983  p_z
    2   2   1   1       0.40974954  p_x
    3   1   0   0       0.44193557  s
    4   1   0   0       0.44193557  s
    5   1   0   0       0.45333640  s
    6   1   0   0       0.45333640  s
    7   1   0   0       0.06088141  s

Spin  up
Fermi level:                        -0.1739271706 H           -4.7328 eV
Band energy:                        -2.6546968561 H          -72.2380 eV
TS:                                  0.0000000000 H            0.0000 eV
Band free energy (E-TS):            -2.6546968561 H          -72.2380 eV
Extrapolated E(0K):                 -2.6546968561 H          -72.2380 eV
Input / Output electrons (up):      7.0000000000      7.0000000000

Spin  down
Fermi level:                        -0.2075804116 H           -5.6486 eV
Band energy:                        -2.3718565674 H          -64.5415 eV
TS:                                  0.0000000000 H            0.0000 eV
Band free energy (E-TS):            -2.3718565674 H          -64.5415 eV
Extrapolated E(0K):                 -2.3718565674 H          -64.5415 eV
Input / Output electrons (down):      6.0000000000      6.0000000000

Energy H0:                          -5.0612316091 H         -137.7231 eV
Energy SCC:                          0.0029171053 H            0.0794 eV
Energy SPIN:                        -0.0306002331 H           -0.8327 eV
Energy 3rd:                         -0.0002363168 H           -0.0064 eV
Total Electronic energy:            -5.0891510537 H         -138.4828 eV
Repulsive energy:                   -0.0485879065 H           -1.3221 eV
Total energy:                       -5.1377389602 H         -139.8050 eV
Extrapolated to 0:                  -5.1377389602 H         -139.8050 eV
Total Mermin free energy:           -5.1377389602 H         -139.8050 eV
Force related energy:               -5.1377389602 H         -139.8050 eV

SCC converged

Total Forces
    1     -0.071208223633      0.000000000000     -0.100275541962
    2      0.035514154626     -0.000000000000      0.101074506866
    3      0.014268557371      0.004220671404     -0.000840600293
    4      0.014268557370     -0.004220671404     -0.000840600293
    5      0.000483415695      0.000579086897     -0.001012211243
    6      0.000483415695     -0.000579086897     -0.001012211243
    7      0.006190122877      0.000000000000      0.002906658167

Maximal derivative component:        0.101075E+00 au

Dipole moment:   -0.26708633    0.00000000   -0.28309058 au
Dipole moment:   -0.67886580    0.00000000   -0.71954453 Debye


