|===============================================================================
|
|  DFTB+ release 20.1
|
|  Copyright (C) 2006 - 2020  DFTB+ developers group
|
|===============================================================================
|
|  When publishing results obtained with DFTB+, please cite the following
|  reference:
|
|  * DFTB+, a software package for efficient approximate density functional
|    theory based atomistic simulations, J. Chem. Phys. 152, 124101 (2020).
|    [doi: 10.1063/1.5143190]
|
|  You should also cite additional publications crediting the parametrization
|  data you use. Please consult the documentation of the SK-files for the
|  references.
|
|===============================================================================

Reading input file 'dftb_in.hsd'
Parser version: 8

--------------------------------------------------------------------------------
Reading SK-files:
Done.
WARNING!
-> The following 28 node(s) have been ignored by the parser:
(1)
Path: dftbplusinput/Hamiltonian/DFTB/DampXH
Line: 6-6 (File: dftb_in.hsd)
(2)
Path: dftbplusinput/Hamiltonian/DFTB/DampXHExponent
Line: 7-7 (File: dftb_in.hsd)
(3)
Path: dftbplusinput/Hamiltonian/DFTB/HubbardDerivs/Br
Line: 9-9 (File: dftb_in.hsd)
(4)
Path: dftbplusinput/Hamiltonian/DFTB/HubbardDerivs/Ca
Line: 11-11 (File: dftb_in.hsd)
(5)
Path: dftbplusinput/Hamiltonian/DFTB/HubbardDerivs/Cl
Line: 12-12 (File: dftb_in.hsd)
(6)
Path: dftbplusinput/Hamiltonian/DFTB/HubbardDerivs/F
Line: 13-13 (File: dftb_in.hsd)
(7)
Path: dftbplusinput/Hamiltonian/DFTB/HubbardDerivs/I
Line: 15-15 (File: dftb_in.hsd)
(8)
Path: dftbplusinput/Hamiltonian/DFTB/HubbardDerivs/K
Line: 16-16 (File: dftb_in.hsd)
(9)
Path: dftbplusinput/Hamiltonian/DFTB/HubbardDerivs/Mg
Line: 17-17 (File: dftb_in.hsd)
(10)
Path: dftbplusinput/Hamiltonian/DFTB/HubbardDerivs/N
Line: 18-18 (File: dftb_in.hsd)
(11)
Path: dftbplusinput/Hamiltonian/DFTB/HubbardDerivs/Na
Line: 19-19 (File: dftb_in.hsd)
(12)
Path: dftbplusinput/Hamiltonian/DFTB/HubbardDerivs/O
Line: 20-20 (File: dftb_in.hsd)
(13)
Path: dftbplusinput/Hamiltonian/DFTB/HubbardDerivs/P
Line: 21-21 (File: dftb_in.hsd)
(14)
Path: dftbplusinput/Hamiltonian/DFTB/HubbardDerivs/S
Line: 22-22 (File: dftb_in.hsd)
(15)
Path: dftbplusinput/Hamiltonian/DFTB/HubbardDerivs/Zn
Line: 23-23 (File: dftb_in.hsd)
(16)
Path: dftbplusinput/Hamiltonian/DFTB/MaxAngularMomentum/Br
Line: 26-26 (File: dftb_in.hsd)
(17)
Path: dftbplusinput/Hamiltonian/DFTB/MaxAngularMomentum/Ca
Line: 28-28 (File: dftb_in.hsd)
(18)
Path: dftbplusinput/Hamiltonian/DFTB/MaxAngularMomentum/Cl
Line: 29-29 (File: dftb_in.hsd)
(19)
Path: dftbplusinput/Hamiltonian/DFTB/MaxAngularMomentum/F
Line: 30-30 (File: dftb_in.hsd)
(20)
Path: dftbplusinput/Hamiltonian/DFTB/MaxAngularMomentum/I
Line: 32-32 (File: dftb_in.hsd)
(21)
Path: dftbplusinput/Hamiltonian/DFTB/MaxAngularMomentum/K
Line: 33-33 (File: dftb_in.hsd)
(22)
Path: dftbplusinput/Hamiltonian/DFTB/MaxAngularMomentum/Mg
Line: 34-34 (File: dftb_in.hsd)
(23)
Path: dftbplusinput/Hamiltonian/DFTB/MaxAngularMomentum/N
Line: 35-35 (File: dftb_in.hsd)
(24)
Path: dftbplusinput/Hamiltonian/DFTB/MaxAngularMomentum/Na
Line: 36-36 (File: dftb_in.hsd)
(25)
Path: dftbplusinput/Hamiltonian/DFTB/MaxAngularMomentum/O
Line: 37-37 (File: dftb_in.hsd)
(26)
Path: dftbplusinput/Hamiltonian/DFTB/MaxAngularMomentum/P
Line: 38-38 (File: dftb_in.hsd)
(27)
Path: dftbplusinput/Hamiltonian/DFTB/MaxAngularMomentum/S
Line: 39-39 (File: dftb_in.hsd)
(28)
Path: dftbplusinput/Hamiltonian/DFTB/MaxAngularMomentum/Zn
Line: 40-40 (File: dftb_in.hsd)



Processed input in HSD format written to 'dftb_pin.hsd'

Starting initialization...
--------------------------------------------------------------------------------
OpenMP threads:              8
Chosen random seed:          778373561
Mode:                        Static calculation
Self consistent charges:     Yes
SCC-tolerance:                 0.100000E-04
Max. scc iterations:                    100
Shell resolved Hubbard:      No
Spin polarisation:           No
Nr. of up electrons:             6.500000
Nr. of down electrons:           6.500000
Periodic boundaries:         No
Electronic solver:           Relatively robust
Mixer:                       Broyden mixer
Mixing parameter:                  0.200000
Maximal SCC-cycles:                     100
Nr. of chrg. vec. in memory:              0
Electronic temperature:        0.100000E-07 H      0.272114E-06 eV
Initial charges:             Set automatically (system chrg:   0.000E+00)
Included shells:             C:  s, p
                             H:  s
Full 3rd order correction    Yes
Extra options:
                             Mulliken analysis
                             Force calculation
Force type                   original

--------------------------------------------------------------------------------

***  Geometry step: 0

 iSCC Total electronic   Diff electronic      SCC error    
    1   -0.51592172E+01    0.00000000E+00    0.35704601E+00
    2   -0.51597157E+01   -0.49854195E-03    0.26098941E+00
    3   -0.51601213E+01   -0.40560524E-03    0.14589818E-01
    4   -0.51601228E+01   -0.14393991E-05    0.13880040E-01
    5   -0.51601271E+01   -0.43911972E-05    0.10542566E-02
    6   -0.51601271E+01    0.48301829E-07    0.35950893E-02
    7   -0.51601271E+01   -0.51580870E-07    0.29382794E-03
    8   -0.51601271E+01   -0.36432546E-09    0.17122932E-04
    9   -0.51601271E+01   -0.29052316E-11    0.52745225E-05
>> Charges saved for restart in charges.bin

Total Energy:                       -5.2267500963 H         -142.2271 eV
Extrapolated to 0:                  -5.2267501032 H         -142.2271 eV
Total Mermin free energy:           -5.2267501101 H         -142.2271 eV
Force related energy:               -5.2267501101 H         -142.2271 eV

--------------------------------------------------------------------------------
DFTB+ running times                          cpu [s]             wall clock [s]
--------------------------------------------------------------------------------
Pre-SCC initialisation                 +     0.42  ( 32.9%)      0.06  ( 33.5%)
SCC                                    +     0.53  ( 41.5%)      0.08  ( 39.9%)
Post-SCC processing                    +     0.33  ( 25.6%)      0.05  ( 24.5%)
--------------------------------------------------------------------------------
Missing                                +     0.00  (  0.0%)      0.00  (  2.1%)
Total                                  =     1.28  (100.0%)      0.19  (100.0%)
--------------------------------------------------------------------------------
