 KPT            1  SPIN            1  KWEIGHT    1.0000000000000000     
     1   -16.913  2.00000
     2   -13.278  2.00000
     3    -9.795  2.00000
     4    -9.198  2.00000
     5    -8.889  2.00000
     6    -7.970  2.00000
     7    -4.274  1.00000
     8     8.256  0.00000
     9     9.318  0.00000
    10    12.603  0.00000
    11    13.316  0.00000
    12    14.190  0.00000
    13    18.029  0.00000

