 Fermi distribution function

Calculation with static geometry


********************************************************************************
 iSCC Total electronic   Diff electronic      SCC error    
    9   -0.51601271E+01   -0.29052316E-11    0.52745225E-05
********************************************************************************

 Total charge:    -0.00000000

 Atomic gross charges (e)
 Atom           Charge
    1      -0.15665483
    2      -0.28286591
    3       0.07359524
    4       0.07359524
    5       0.10320936
    6       0.10320936
    7       0.08591154

Nr. of electrons (up):     13.00000000
Atom populations (up)
 Atom       Population
    1       4.15665483
    2       4.28286591
    3       0.92640476
    4       0.92640476
    5       0.89679064
    6       0.89679064
    7       0.91408846

l-shell populations (up)
 Atom Sh.   l       Population
    1   1   0       1.25646459
    1   2   1       2.90019024
    2   1   0       1.31891062
    2   2   1       2.96395528
    3   1   0       0.92640476
    4   1   0       0.92640476
    5   1   0       0.89679064
    6   1   0       0.89679064
    7   1   0       0.91408846

Orbital populations (up)
 Atom Sh.   l   m       Population  Label
    1   1   0   0       1.25646459  s
    1   2   1  -1       0.98625550  p_y
    1   2   1   0       0.95084641  p_z
    1   2   1   1       0.96308833  p_x
    2   1   0   0       1.31891062  s
    2   2   1  -1       0.96892882  p_y
    2   2   1   0       0.93571853  p_z
    2   2   1   1       1.05930793  p_x
    3   1   0   0       0.92640476  s
    4   1   0   0       0.92640476  s
    5   1   0   0       0.89679064  s
    6   1   0   0       0.89679064  s
    7   1   0   0       0.91408846  s

Fermi level:                        -0.1570845720 H           -4.2745 eV
Band energy:                        -5.0112117221 H         -136.3620 eV
TS:                                  0.0000000139 H            0.0000 eV
Band free energy (E-TS):            -5.0112117360 H         -136.3620 eV
Extrapolated E(0K):                 -5.0112117291 H         -136.3620 eV
Input / Output electrons (q):     13.0000000000     13.0000000000

Energy H0:                          -5.1628931757 H         -140.4895 eV
Energy SCC:                          0.0033059234 H            0.0900 eV
Energy 3rd:                         -0.0005398945 H           -0.0147 eV
Total Electronic energy:            -5.1601271468 H         -140.4142 eV
Repulsive energy:                   -0.0666229495 H           -1.8129 eV
Total energy:                       -5.2267500963 H         -142.2271 eV
Extrapolated to 0:                  -5.2267501032 H         -142.2271 eV
Total Mermin free energy:           -5.2267501101 H         -142.2271 eV
Force related energy:               -5.2267501101 H         -142.2271 eV

SCC converged

Total Forces
    1      0.000646709476     -0.000000000001      0.000762480206
    2      0.000634850462      0.000000000000      0.000250255828
    3     -0.000248860366     -0.000041910154     -0.000025251492
    4     -0.000248860366      0.000041910154     -0.000025251492
    5     -0.000021860650      0.000051931580      0.000041209079
    6     -0.000021860650     -0.000051931580      0.000041209080
    7     -0.000740117907     -0.000000000000     -0.001044651210

Maximal derivative component:        0.104465E-02 au

Dipole moment:    0.11259198    0.00000000    0.16230689 au
Dipole moment:    0.28618028    0.00000000    0.41254299 Debye


