 KPT            1  SPIN            1  KWEIGHT    1.0000000000000000     
     1   -17.048  1.00000
     2   -13.331  1.00000
     3   -10.227  1.00000
     4    -9.099  1.00000
     5    -8.601  1.00000
     6    -7.650  1.00000
     7    -5.432  1.00000
     8    -2.498  0.00000
     9     8.151  0.00000
    10    12.068  0.00000
    11    12.620  0.00000
    12    13.979  0.00000
    13    16.636  0.00000

 KPT            1  SPIN            2  KWEIGHT    1.0000000000000000     
     1   -16.884  1.00000
     2   -13.181  1.00000
     3    -9.992  1.00000
     4    -8.975  1.00000
     5    -8.221  1.00000
     6    -7.315  1.00000
     7    -3.753  0.00000
     8    -1.818  0.00000
     9     8.200  0.00000
    10    12.177  0.00000
    11    12.668  0.00000
    12    14.109  0.00000
    13    16.766  0.00000

