 KPT            1  SPIN            1  KWEIGHT    1.0000000000000000     
     1   -17.195  1.00000
     2   -13.509  1.00000
     3    -9.974  1.00000
     4    -9.312  1.00000
     5    -9.113  1.00000
     6    -8.077  1.00000
     7    -4.877  1.00000
     8     8.190  0.00000
     9     9.376  0.00000
    10    12.376  0.00000
    11    13.154  0.00000
    12    13.970  0.00000
    13    17.888  0.00000

 KPT            1  SPIN            2  KWEIGHT    1.0000000000000000     
     1   -16.674  1.00000
     2   -13.049  1.00000
     3    -9.658  1.00000
     4    -9.090  1.00000
     5    -8.670  1.00000
     6    -7.867  1.00000
     7    -3.690  0.00000
     8     8.330  0.00000
     9     9.484  0.00000
    10    12.788  0.00000
    11    13.412  0.00000
    12    14.403  0.00000
    13    18.299  0.00000

