 KPT            1  SPIN            1  KWEIGHT    1.0000000000000000     
     1   -17.059  1.00000
     2   -13.318  1.00000
     3   -10.054  1.00000
     4    -9.106  1.00000
     5    -8.336  1.00000
     6    -8.166  1.00000
     7    -6.222  1.00000
     8    -2.620  0.00000
     9     8.115  0.00000
    10    11.985  0.00000
    11    12.527  0.00000
    12    13.878  0.00000
    13    16.626  0.00000

 KPT            1  SPIN            2  KWEIGHT    1.0000000000000000     
     1   -16.932  1.00000
     2   -13.227  1.00000
     3    -9.970  1.00000
     4    -9.025  1.00000
     5    -8.152  1.00000
     6    -7.398  1.00000
     7    -4.228  0.00000
     8    -2.089  0.00000
     9     8.126  0.00000
    10    12.069  0.00000
    11    12.538  0.00000
    12    13.976  0.00000
    13    16.719  0.00000

