 Fermi distribution function

Calculation with static geometry


********************************************************************************
 iSCC Total electronic   Diff electronic      SCC error    
   14   -0.50983458E+01   -0.10609291E-09    0.25131612E-05
********************************************************************************

 Total charge:     0.00000000

 Atomic gross charges (e)
 Atom           Charge
    1      -0.19163793
    2      -0.15278028
    3       0.09962755
    4       0.09962755
    5       0.09885138
    6       0.09885138
    7      -0.05253965

Nr. of electrons (up):      7.00000000
Atom populations (up)
 Atom       Population
    1       2.03170172
    2       2.23859642
    3       0.45393403
    4       0.45393403
    5       0.44182271
    6       0.44182271
    7       0.93818838

l-shell populations (up)
 Atom Sh.   l       Population
    1   1   0       0.66034513
    1   2   1       1.37135659
    2   1   0       0.67252712
    2   2   1       1.56606930
    3   1   0       0.45393403
    4   1   0       0.45393403
    5   1   0       0.44182271
    6   1   0       0.44182271
    7   1   0       0.93818838

Orbital populations (up)
 Atom Sh.   l   m       Population  Label
    1   1   0   0       0.66034513  s
    1   2   1  -1       0.48486880  p_y
    1   2   1   0       0.45958250  p_z
    1   2   1   1       0.42690529  p_x
    2   1   0   0       0.67252712  s
    2   2   1  -1       0.49208312  p_y
    2   2   1   0       0.49153656  p_z
    2   2   1   1       0.58244961  p_x
    3   1   0   0       0.45393403  s
    4   1   0   0       0.45393403  s
    5   1   0   0       0.44182271  s
    6   1   0   0       0.44182271  s
    7   1   0   0       0.93818838  s

Nr. of electrons (down):      6.00000000
Atom populations (down)
 Atom       Population
    1       2.15993621
    2       1.91418386
    3       0.44643843
    4       0.44643843
    5       0.45932590
    6       0.45932590
    7       0.11435127

l-shell populations (down)
 Atom Sh.   l       Population
    1   1   0       0.67374031
    1   2   1       1.48619590
    2   1   0       0.65388134
    2   2   1       1.26030252
    3   1   0       0.44643843
    4   1   0       0.44643843
    5   1   0       0.45932590
    6   1   0       0.45932590
    7   1   0       0.11435127

Orbital populations (down)
 Atom Sh.   l   m       Population  Label
    1   1   0   0       0.67374031  s
    1   2   1  -1       0.49271452  p_y
    1   2   1   0       0.47401306  p_z
    1   2   1   1       0.51946831  p_x
    2   1   0   0       0.65388134  s
    2   2   1  -1       0.47396459  p_y
    2   2   1   0       0.46740118  p_z
    2   2   1   1       0.31893675  p_x
    3   1   0   0       0.44643843  s
    4   1   0   0       0.44643843  s
    5   1   0   0       0.45932590  s
    6   1   0   0       0.45932590  s
    7   1   0   0       0.11435127  s

Spin  up
Fermi level:                        -0.1624684694 H           -4.4210 eV
Band energy:                        -2.6555135467 H          -72.2602 eV
TS:                                  0.0000000000 H            0.0000 eV
Band free energy (E-TS):            -2.6555135467 H          -72.2602 eV
Extrapolated E(0K):                 -2.6555135467 H          -72.2602 eV
Input / Output electrons (up):      7.0000000000      7.0000000000

Spin  down
Fermi level:                        -0.2136171407 H           -5.8128 eV
Band energy:                        -2.3778141823 H          -64.7036 eV
TS:                                  0.0000000000 H            0.0000 eV
Band free energy (E-TS):            -2.3778141823 H          -64.7036 eV
Extrapolated E(0K):                 -2.3778141823 H          -64.7036 eV
Input / Output electrons (down):      6.0000000000      6.0000000000

Energy H0:                          -5.0753485645 H         -138.1073 eV
Energy SCC:                          0.0030507733 H            0.0830 eV
Energy SPIN:                        -0.0258755711 H           -0.7041 eV
Energy 3rd:                         -0.0001724146 H           -0.0047 eV
Total Electronic energy:            -5.0983457769 H         -138.7330 eV
Repulsive energy:                   -0.0485879065 H           -1.3221 eV
Total energy:                       -5.1469336834 H         -140.0552 eV
Extrapolated to 0:                  -5.1469336834 H         -140.0552 eV
Total Mermin free energy:           -5.1469336834 H         -140.0552 eV
Force related energy:               -5.1469336834 H         -140.0552 eV

SCC converged

Total Forces
    1     -0.052951209816      0.000000000000     -0.092542023775
    2      0.029769232514     -0.000000000000      0.091524799881
    3      0.016774550818      0.003715165162      0.001665245726
    4      0.016774550818     -0.003715165162      0.001665245726
    5      0.000388300119      0.000488467458     -0.001044357147
    6      0.000388300119     -0.000488467458     -0.001044357147
    7     -0.011143724572     -0.000000000000     -0.000224553265

Maximal derivative component:        0.925420E-01 au

Dipole moment:   -0.37855176   -0.00000000   -0.16143579 au
Dipole moment:   -0.96218267   -0.00000000   -0.41032889 Debye


