 KPT            1  SPIN            1  KWEIGHT    1.0000000000000000     
     1   -15.259  2.00000
     2    -6.552  2.00000
     3    -5.231  2.00000
     4    -5.082  2.00000
     5    -4.476  0.00000
     6    -0.936  0.00000
     7    -0.113  0.00000
     8     0.511  0.00000
     9     8.146  0.00000

