 Fermi distribution function

Geometry optimization step: 44

Coordinates of moved atoms (au):
    1     -2.18038834     -0.96103122     -1.74889122
    2      2.25700416      3.47503931      3.81350948
    3      7.65842865      3.78747646      6.12094475

 Total charge:     1.00000000

 Atomic gross charges (e)
 Atom           Charge
    1       0.46346474
    2       0.45969362
    3       0.07684164

Nr. of electrons (up):      8.00000000
Atom populations (up)
 Atom       Population
    1       3.53653526
    2       3.54030638
    3       0.92315836

l-shell populations (up)
 Atom Sh.   l       Population
    1   1   0       1.75776150
    1   2   1       1.77877377
    2   1   0       1.75916321
    2   2   1       1.78114316
    3   1   0       0.92315836

Orbital populations (up)
 Atom Sh.   l   m       Population  Label
    1   1   0   0       1.75776150  s
    1   2   1  -1       0.57056389  p_y
    1   2   1   0       0.63958756  p_z
    1   2   1   1       0.56862232  p_x
    2   1   0   0       1.75916321  s
    2   2   1  -1       0.56931822  p_y
    2   2   1   0       0.64449496  p_z
    2   2   1   1       0.56732998  p_x
    3   1   0   0       0.92315836  s

Fermi level:                        -0.1756171629 H           -4.7788 eV
Band energy:                        -2.3611600932 H          -64.2504 eV
TS:                                  0.0000000000 H            0.0000 eV
Band free energy (E-TS):            -2.3611600932 H          -64.2504 eV
Extrapolated E(0K):                 -2.3611600932 H          -64.2504 eV
Output electrons (q):      8.0000000000

Energy H0:                          -2.3611600932 H          -64.2504 eV
Total Electronic energy:            -2.3611600932 H          -64.2504 eV
Repulsive energy:                    0.0034252626 H            0.0932 eV
Total energy:                       -2.3577348307 H          -64.1572 eV
Extrapolated to 0:                  -2.3577348307 H          -64.1572 eV
Total Mermin free energy:           -2.3577348307 H          -64.1572 eV
Force related energy:               -2.3577348307 H          -64.1572 eV

Non-SCC calculation

Full geometry written in geo_end.{xyz|gen}

Geometry converged

