 KPT            1  SPIN            1  KWEIGHT    1.0000000000000000     
     1   -15.260  2.00000
     2    -6.547  2.00000
     3    -5.231  2.00000
     4    -5.089  2.00000
     5    -4.467  0.00000
     6    -0.953  0.00000
     7    -0.124  0.00000
     8     0.544  0.00000
     9     8.207  0.00000

