 Fermi distribution function

Geometry optimization step: 66

Coordinates of moved atoms (au):
    1      0.85102166      1.65233514     -1.41426533
    2      1.31442939      2.32090961      3.01759023
    3      8.72155786      7.08654620      8.42481604

 Total charge:     1.00000000

 Atomic gross charges (e)
 Atom           Charge
    1       0.46354394
    2       0.46077263
    3       0.07568344

Nr. of electrons (up):      8.00000000
Atom populations (up)
 Atom       Population
    1       3.53645606
    2       3.53922737
    3       0.92431656

l-shell populations (up)
 Atom Sh.   l       Population
    1   1   0       1.75602090
    1   2   1       1.78043517
    2   1   0       1.75622070
    2   2   1       1.78300668
    3   1   0       0.92431656

Orbital populations (up)
 Atom Sh.   l   m       Population  Label
    1   1   0   0       1.75602090  s
    1   2   1  -1       0.57577136  p_y
    1   2   1   0       0.56597934  p_z
    1   2   1   1       0.63868446  p_x
    2   1   0   0       1.75622070  s
    2   2   1  -1       0.57542621  p_y
    2   2   1   0       0.56550367  p_z
    2   2   1   1       0.64207679  p_x
    3   1   0   0       0.92431656  s

Fermi level:                        -0.1755845370 H           -4.7779 eV
Band energy:                        -2.3612810146 H          -64.2537 eV
TS:                                  0.0000000000 H            0.0000 eV
Band free energy (E-TS):            -2.3612810146 H          -64.2537 eV
Extrapolated E(0K):                 -2.3612810146 H          -64.2537 eV
Output electrons (q):      8.0000000000

Energy H0:                          -2.3612810146 H          -64.2537 eV
Total Electronic energy:            -2.3612810146 H          -64.2537 eV
Repulsive energy:                    0.0035399827 H            0.0963 eV
Total energy:                       -2.3577410319 H          -64.1574 eV
Extrapolated to 0:                  -2.3577410319 H          -64.1574 eV
Total Mermin free energy:           -2.3577410319 H          -64.1574 eV
Force related energy:               -2.3577410319 H          -64.1574 eV

Non-SCC calculation

Full geometry written in geo_end.{xyz|gen}

Geometry converged

