 KPT            1  SPIN            1  KWEIGHT    1.0000000000000000     
     1   -17.624  1.00000
     2   -14.044  1.00000
     3   -10.901  1.00000
     4   -10.417  1.00000
     5    -8.875  1.00000
     6    -8.521  1.00000
     7    -4.906  1.00000
     8     6.977  0.00000
     9     7.700  0.00000
    10    12.149  0.00000
    11    13.575  0.00000
    12    15.994  0.00000
    13    75.610  0.00000

 KPT            1  SPIN            2  KWEIGHT    1.0000000000000000     
     1   -17.073  1.00000
     2   -13.681  1.00000
     3   -10.524  1.00000
     4   -10.107  1.00000
     5    -8.566  1.00000
     6    -8.238  1.00000
     7    -3.834  0.00000
     8     7.216  0.00000
     9     7.874  0.00000
    10    12.519  0.00000
    11    14.020  0.00000
    12    16.561  0.00000
    13    75.669  0.00000

