 Fermi distribution function

Calculation with static geometry


********************************************************************************
 iSCC Total electronic   Diff electronic      SCC error    
   10   -0.51912085E+01   -0.22686741E-10    0.43613880E-05
********************************************************************************

 Total charge:    -0.00000000

 Atomic gross charges (e)
 Atom           Charge
    1      -0.58477515
    2      -0.24966062
    3       0.06902696
    4       0.06902696
    5       0.11829485
    6       0.11829485
    7       0.45979214

Nr. of electrons (up):      7.00000000
Atom populations (up)
 Atom       Population
    1       2.27701429
    2       2.63123880
    3       0.48876376
    4       0.48876376
    5       0.41476270
    6       0.41476270
    7       0.28469398

l-shell populations (up)
 Atom Sh.   l       Population
    1   1   0       0.62692151
    1   2   1       1.65009277
    2   1   0       0.68029537
    2   2   1       1.95094343
    3   1   0       0.48876376
    4   1   0       0.48876376
    5   1   0       0.41476270
    6   1   0       0.41476270
    7   1   0       0.28469398

Orbital populations (up)
 Atom Sh.   l   m       Population  Label
    1   1   0   0       0.62692151  s
    1   2   1  -1       0.49207704  p_y
    1   2   1   0       0.50051540  p_z
    1   2   1   1       0.65750034  p_x
    2   1   0   0       0.68029537  s
    2   2   1  -1       0.51861430  p_y
    2   2   1   0       0.48102451  p_z
    2   2   1   1       0.95130462  p_x
    3   1   0   0       0.48876376  s
    4   1   0   0       0.48876376  s
    5   1   0   0       0.41476270  s
    6   1   0   0       0.41476270  s
    7   1   0   0       0.28469398  s

Nr. of electrons (down):      6.00000000
Atom populations (down)
 Atom       Population
    1       2.30776086
    2       1.61842182
    3       0.44220928
    4       0.44220928
    5       0.46694244
    6       0.46694244
    7       0.25551387

l-shell populations (down)
 Atom Sh.   l       Population
    1   1   0       0.64856717
    1   2   1       1.65919369
    2   1   0       0.62123410
    2   2   1       0.99718772
    3   1   0       0.44220928
    4   1   0       0.44220928
    5   1   0       0.46694244
    6   1   0       0.46694244
    7   1   0       0.25551387

Orbital populations (down)
 Atom Sh.   l   m       Population  Label
    1   1   0   0       0.64856717  s
    1   2   1  -1       0.50175653  p_y
    1   2   1   0       0.53055300  p_z
    1   2   1   1       0.62688416  p_x
    2   1   0   0       0.62123410  s
    2   2   1  -1       0.46270993  p_y
    2   2   1   0       0.38567682  p_z
    2   2   1   1       0.14880097  p_x
    3   1   0   0       0.44220928  s
    4   1   0   0       0.44220928  s
    5   1   0   0       0.46694244  s
    6   1   0   0       0.46694244  s
    7   1   0   0       0.25551387  s

Spin  up
Fermi level:                         0.0380484585 H            1.0354 eV
Band energy:                        -2.7667622477 H          -75.2874 eV
TS:                                  0.0000000000 H            0.0000 eV
Band free energy (E-TS):            -2.7667622477 H          -75.2874 eV
Extrapolated E(0K):                 -2.7667622477 H          -75.2874 eV
Input / Output electrons (up):      7.0000000000      7.0000000000

Spin  down
Fermi level:                        -0.2218313932 H           -6.0363 eV
Band energy:                        -2.5059406508 H          -68.1901 eV
TS:                                  0.0000000000 H            0.0000 eV
Band free energy (E-TS):            -2.5059406508 H          -68.1901 eV
Extrapolated E(0K):                 -2.5059406508 H          -68.1901 eV
Input / Output electrons (down):      6.0000000000      6.0000000000

Energy H0:                          -5.1814748443 H         -140.9951 eV
Energy SCC:                          0.0034878956 H            0.0949 eV
Energy SPIN:                        -0.0123191688 H           -0.3352 eV
Energy 3rd:                         -0.0009023415 H           -0.0246 eV
Total Electronic energy:            -5.1912084590 H         -141.2600 eV
Repulsive energy:                    8.6930807210 H          236.5508 eV
Total energy:                        3.5018722620 H           95.2908 eV
Extrapolated to 0:                   3.5018722620 H           95.2908 eV
Total Mermin free energy:            3.5018722620 H           95.2908 eV
Force related energy:                3.5018722620 H           95.2908 eV

SCC converged

Total Forces
    1    -18.196807753527      0.000000003796    -25.132588817869
    2      0.039876439318     -0.000000000003      0.016314457441
    3     -0.032219678632      0.001276023712     -0.009481410294
    4     -0.032219678653     -0.001276023720     -0.009481410293
    5     -0.000936805689      0.000565020635      0.002896355077
    6     -0.000936805688     -0.000565020635      0.002896355076
    7     18.223244282870     -0.000000003785     25.129444470862

Maximal derivative component:        0.251326E+02 au

Dipole moment:    0.00914085   -0.00000000    0.06544880 au
Dipole moment:    0.02323372   -0.00000000    0.16635426 Debye


