|===============================================================================
|
|  DFTB+ release 20.1
|
|  Copyright (C) 2006 - 2020  DFTB+ developers group
|
|===============================================================================
|
|  When publishing results obtained with DFTB+, please cite the following
|  reference:
|
|  * DFTB+, a software package for efficient approximate density functional
|    theory based atomistic simulations, J. Chem. Phys. 152, 124101 (2020).
|    [doi: 10.1063/1.5143190]
|
|  You should also cite additional publications crediting the parametrization
|  data you use. Please consult the documentation of the SK-files for the
|  references.
|
|===============================================================================

Reading input file 'dftb_in.hsd'
Parser version: 8

--------------------------------------------------------------------------------
Reading SK-files:
Done.
WARNING!
-> The following 34 node(s) have been ignored by the parser:
(1)
Path: dftbplusinput/Hamiltonian/DFTB/DampXH
Line: 6-6 (File: dftb_in.hsd)
(2)
Path: dftbplusinput/Hamiltonian/DFTB/DampXHExponent
Line: 7-7 (File: dftb_in.hsd)
(3)
Path: dftbplusinput/Hamiltonian/DFTB/HubbardDerivs/Br
Line: 9-9 (File: dftb_in.hsd)
(4)
Path: dftbplusinput/Hamiltonian/DFTB/HubbardDerivs/Ca
Line: 11-11 (File: dftb_in.hsd)
(5)
Path: dftbplusinput/Hamiltonian/DFTB/HubbardDerivs/Cl
Line: 12-12 (File: dftb_in.hsd)
(6)
Path: dftbplusinput/Hamiltonian/DFTB/HubbardDerivs/F
Line: 13-13 (File: dftb_in.hsd)
(7)
Path: dftbplusinput/Hamiltonian/DFTB/HubbardDerivs/I
Line: 15-15 (File: dftb_in.hsd)
(8)
Path: dftbplusinput/Hamiltonian/DFTB/HubbardDerivs/K
Line: 16-16 (File: dftb_in.hsd)
(9)
Path: dftbplusinput/Hamiltonian/DFTB/HubbardDerivs/Mg
Line: 17-17 (File: dftb_in.hsd)
(10)
Path: dftbplusinput/Hamiltonian/DFTB/HubbardDerivs/N
Line: 18-18 (File: dftb_in.hsd)
(11)
Path: dftbplusinput/Hamiltonian/DFTB/HubbardDerivs/Na
Line: 19-19 (File: dftb_in.hsd)
(12)
Path: dftbplusinput/Hamiltonian/DFTB/HubbardDerivs/O
Line: 20-20 (File: dftb_in.hsd)
(13)
Path: dftbplusinput/Hamiltonian/DFTB/HubbardDerivs/P
Line: 21-21 (File: dftb_in.hsd)
(14)
Path: dftbplusinput/Hamiltonian/DFTB/HubbardDerivs/S
Line: 22-22 (File: dftb_in.hsd)
(15)
Path: dftbplusinput/Hamiltonian/DFTB/HubbardDerivs/Zn
Line: 23-23 (File: dftb_in.hsd)
(16)
Path: dftbplusinput/Hamiltonian/DFTB/MaxAngularMomentum/Br
Line: 26-26 (File: dftb_in.hsd)
(17)
Path: dftbplusinput/Hamiltonian/DFTB/MaxAngularMomentum/Ca
Line: 28-28 (File: dftb_in.hsd)
(18)
Path: dftbplusinput/Hamiltonian/DFTB/MaxAngularMomentum/Cl
Line: 29-29 (File: dftb_in.hsd)
(19)
Path: dftbplusinput/Hamiltonian/DFTB/MaxAngularMomentum/F
Line: 30-30 (File: dftb_in.hsd)
(20)
Path: dftbplusinput/Hamiltonian/DFTB/MaxAngularMomentum/I
Line: 32-32 (File: dftb_in.hsd)
(21)
Path: dftbplusinput/Hamiltonian/DFTB/MaxAngularMomentum/K
Line: 33-33 (File: dftb_in.hsd)
(22)
Path: dftbplusinput/Hamiltonian/DFTB/MaxAngularMomentum/Mg
Line: 34-34 (File: dftb_in.hsd)
(23)
Path: dftbplusinput/Hamiltonian/DFTB/MaxAngularMomentum/N
Line: 35-35 (File: dftb_in.hsd)
(24)
Path: dftbplusinput/Hamiltonian/DFTB/MaxAngularMomentum/Na
Line: 36-36 (File: dftb_in.hsd)
(25)
Path: dftbplusinput/Hamiltonian/DFTB/MaxAngularMomentum/O
Line: 37-37 (File: dftb_in.hsd)
(26)
Path: dftbplusinput/Hamiltonian/DFTB/MaxAngularMomentum/P
Line: 38-38 (File: dftb_in.hsd)
(27)
Path: dftbplusinput/Hamiltonian/DFTB/MaxAngularMomentum/S
Line: 39-39 (File: dftb_in.hsd)
(28)
Path: dftbplusinput/Hamiltonian/DFTB/MaxAngularMomentum/Zn
Line: 40-40 (File: dftb_in.hsd)
(29)
Path: dftbplusinput/Hamiltonian/DFTB/OrbitalResolvedSCC
Line: 42-42 (File: dftb_in.hsd)
(30)
Path: dftbplusinput/Hamiltonian/DFTB/SpinConstants/N
Line: 57-60 (File: dftb_in.hsd)
(31)
Path: dftbplusinput/Hamiltonian/DFTB/SpinConstants/O
Line: 61-64 (File: dftb_in.hsd)
(32)
Path: dftbplusinput/Hamiltonian/DFTB/SpinConstants/S
Line: 65-69 (File: dftb_in.hsd)
(33)
Path: dftbplusinput/Hamiltonian/DFTB/SpinPolarisation/Colinear/InitialSpins/Atoms
Line: 74-74 (File: dftb_in.hsd)
(34)
Path: dftbplusinput/Hamiltonian/DFTB/SpinPolarisation/Colinear/InitialSpins/SpinPerAtom
Line: 75-75 (File: dftb_in.hsd)



Processed input in HSD format written to 'dftb_pin.hsd'

Starting initialization...
--------------------------------------------------------------------------------
OpenMP threads:              8
Chosen random seed:          807471024
Mode:                        Static calculation
Self consistent charges:     Yes
SCC-tolerance:                 0.100000E-04
Max. scc iterations:                    100
Shell resolved Hubbard:      No
Spin polarisation:           Yes
Nr. of up electrons:             7.000000
Nr. of down electrons:           6.000000
Periodic boundaries:         No
Electronic solver:           Relatively robust
Mixer:                       Broyden mixer
Mixing parameter:                  0.200000
Maximal SCC-cycles:                     100
Nr. of chrg. vec. in memory:              0
Electronic temperature:        0.100000E-07 H      0.272114E-06 eV
Initial charges:             Set automatically (system chrg:   0.000E+00)
Included shells:             C:  s, p
                             H:  s
Spin coupling constants:     C   1(s)-1(s):  -0.310000E-01
                             C   1(s)-2(p):  -0.250000E-01
                             C   2(p)-1(s):  -0.250000E-01
                             C   2(p)-2(p):  -0.230000E-01
                             H   1(s)-1(s):  -0.720000E-01
Full 3rd order correction    Yes
Extra options:
                             Mulliken analysis
                             Force calculation
Force type                   original

--------------------------------------------------------------------------------

***  Geometry step: 0

 iSCC Total electronic   Diff electronic      SCC error    
    1   -0.51877497E+01    0.00000000E+00    0.83986401E+00
    2   -0.51906435E+01   -0.28937333E-02    0.11849874E+00
    3   -0.51908927E+01   -0.24923384E-03    0.93270871E-01
    4   -0.51911609E+01   -0.26818366E-03    0.14785952E-01
    5   -0.51912059E+01   -0.44978206E-04    0.51789680E-02
    6   -0.51912084E+01   -0.25274278E-05    0.32048881E-02
    7   -0.51912084E+01   -0.66749513E-07    0.60710533E-03
    8   -0.51912085E+01   -0.69976815E-08    0.31124637E-03
    9   -0.51912085E+01   -0.47541473E-08    0.48052981E-04
   10   -0.51912085E+01   -0.22686741E-10    0.43613880E-05
>> Charges saved for restart in charges.bin

Total Energy:                        3.5018722620 H           95.2908 eV
Extrapolated to 0:                   3.5018722620 H           95.2908 eV
Total Mermin free energy:            3.5018722620 H           95.2908 eV
Force related energy:                3.5018722620 H           95.2908 eV

--------------------------------------------------------------------------------
DFTB+ running times                          cpu [s]             wall clock [s]
--------------------------------------------------------------------------------
Global initialisation                  +     0.02  (  0.4%)      0.01  (  0.9%)
Pre-SCC initialisation                 +     0.45  ( 12.0%)      0.08  ( 11.9%)
SCC                                    +     2.55  ( 67.6%)      0.44  ( 68.4%)
Post-SCC processing                    +     0.66  ( 17.4%)      0.12  ( 18.6%)
Post-geometry optimisation             +     0.09  (  2.5%)      0.00  (  0.2%)
--------------------------------------------------------------------------------
Missing                                +     0.00  (  0.0%)      0.00  (  0.0%)
Total                                  =     3.77  (100.0%)      0.65  (100.0%)
--------------------------------------------------------------------------------
