 KPT            1  SPIN            1  KWEIGHT    1.0000000000000000     
     1   -15.259  2.00000
     2    -6.547  2.00000
     3    -5.231  2.00000
     4    -5.090  2.00000
     5    -4.466  0.00000
     6    -0.954  0.00000
     7    -0.125  0.00000
     8     0.546  0.00000
     9     8.217  0.00000

