 Fermi distribution function

Geometry optimization step: 87

Coordinates of moved atoms (au):
    1      1.56416058      0.26052538     -1.38709942
    2      1.10155345     -0.40168496      4.37536201
    3      3.88090707     10.11273530      4.04582866

 Total charge:     1.00000000

 Atomic gross charges (e)
 Atom           Charge
    1       0.46263742
    2       0.46170640
    3       0.07565618

Nr. of electrons (up):      8.00000000
Atom populations (up)
 Atom       Population
    1       3.53736258
    2       3.53829360
    3       0.92434382

l-shell populations (up)
 Atom Sh.   l       Population
    1   1   0       1.75596811
    1   2   1       1.78139447
    2   1   0       1.75629393
    2   2   1       1.78199966
    3   1   0       0.92434382

Orbital populations (up)
 Atom Sh.   l   m       Population  Label
    1   1   0   0       1.75596811  s
    1   2   1  -1       0.56609752  p_y
    1   2   1   0       0.57568360  p_z
    1   2   1   1       0.63961335  p_x
    2   1   0   0       1.75629393  s
    2   2   1  -1       0.56580115  p_y
    2   2   1   0       0.57537397  p_z
    2   2   1   1       0.64082454  p_x
    3   1   0   0       0.92434382  s

Fermi level:                        -0.1755883321 H           -4.7780 eV
Band energy:                        -2.3613024043 H          -64.2543 eV
TS:                                  0.0000000000 H            0.0000 eV
Band free energy (E-TS):            -2.3613024043 H          -64.2543 eV
Extrapolated E(0K):                 -2.3613024043 H          -64.2543 eV
Output electrons (q):      8.0000000000

Energy H0:                          -2.3613024043 H          -64.2543 eV
Total Electronic energy:            -2.3613024043 H          -64.2543 eV
Repulsive energy:                    0.0035575154 H            0.0968 eV
Total energy:                       -2.3577448889 H          -64.1575 eV
Extrapolated to 0:                  -2.3577448889 H          -64.1575 eV
Total Mermin free energy:           -2.3577448889 H          -64.1575 eV
Force related energy:               -2.3577448889 H          -64.1575 eV

Non-SCC calculation

Full geometry written in geo_end.{xyz|gen}

Geometry converged

