 KPT            1  SPIN            1  KWEIGHT    1.0000000000000000     
     1   -15.259  2.00000
     2    -6.551  2.00000
     3    -5.231  2.00000
     4    -5.085  2.00000
     5    -4.474  0.00000
     6    -0.940  0.00000
     7    -0.119  0.00000
     8     0.524  0.00000
     9     8.203  0.00000

