 Fermi distribution function

Geometry optimization step: 48

Coordinates of moved atoms (au):
    1     -1.40064034     -1.41611835     -0.75438555
    2      4.16026575      3.02258478      5.00410481
    3      6.47365198      8.43934601      4.67802829

 Total charge:     1.00000000

 Atomic gross charges (e)
 Atom           Charge
    1       0.46251215
    2       0.46107181
    3       0.07641604

Nr. of electrons (up):      8.00000000
Atom populations (up)
 Atom       Population
    1       3.53748785
    2       3.53892819
    3       0.92358396

l-shell populations (up)
 Atom Sh.   l       Population
    1   1   0       1.75773554
    1   2   1       1.77975231
    2   1   0       1.75741446
    2   2   1       1.78151373
    3   1   0       0.92358396

Orbital populations (up)
 Atom Sh.   l   m       Population  Label
    1   1   0   0       1.75773554  s
    1   2   1  -1       0.56226771  p_y
    1   2   1   0       0.57678890  p_z
    1   2   1   1       0.64069571  p_x
    2   1   0   0       1.75741446  s
    2   2   1  -1       0.56233992  p_y
    2   2   1   0       0.57682753  p_z
    2   2   1   1       0.64234628  p_x
    3   1   0   0       0.92358396  s

Fermi level:                        -0.1756018830 H           -4.7784 eV
Band energy:                        -2.3612039273 H          -64.2516 eV
TS:                                  0.0000000000 H            0.0000 eV
Band free energy (E-TS):            -2.3612039273 H          -64.2516 eV
Extrapolated E(0K):                 -2.3612039273 H          -64.2516 eV
Output electrons (q):      8.0000000000

Energy H0:                          -2.3612039273 H          -64.2516 eV
Total Electronic energy:            -2.3612039273 H          -64.2516 eV
Repulsive energy:                    0.0034624819 H            0.0942 eV
Total energy:                       -2.3577414454 H          -64.1574 eV
Extrapolated to 0:                  -2.3577414454 H          -64.1574 eV
Total Mermin free energy:           -2.3577414454 H          -64.1574 eV
Force related energy:               -2.3577414454 H          -64.1574 eV

Non-SCC calculation

Full geometry written in geo_end.{xyz|gen}

Geometry converged

