 KPT            1  SPIN            1  KWEIGHT    1.0000000000000000     
     1   -17.140  1.00000
     2   -13.312  1.00000
     3   -10.007  1.00000
     4    -9.289  1.00000
     5    -8.501  1.00000
     6    -8.078  1.00000
     7    -4.188  1.00000
     8    -0.622  0.00000
     9     8.216  0.00000
    10    12.205  0.00000
    11    13.024  0.00000
    12    13.925  0.00000
    13    16.865  0.00000

 KPT            1  SPIN            2  KWEIGHT    1.0000000000000000     
     1   -16.725  1.00000
     2   -12.940  1.00000
     3    -9.847  1.00000
     4    -8.884  1.00000
     5    -7.983  1.00000
     6    -7.783  1.00000
     7    -3.282  0.00000
     8    -0.206  0.00000
     9     8.463  0.00000
    10    12.423  0.00000
    11    13.284  0.00000
    12    14.145  0.00000
    13    17.322  0.00000

