 Fermi distribution function

Calculation with static geometry


********************************************************************************
 iSCC Total electronic   Diff electronic      SCC error    
   13   -0.50800289E+01   -0.50741633E-11    0.60947096E-05
********************************************************************************

 Total charge:    -0.00000000

 Atomic gross charges (e)
 Atom           Charge
    1      -0.34240259
    2      -0.10203334
    3       0.10109526
    4       0.10109526
    5       0.09727560
    6       0.09727560
    7       0.04769423

Nr. of electrons (up):      7.00000000
Atom populations (up)
 Atom       Population
    1       2.58565439
    2       2.02332304
    3       0.43942765
    4       0.43942765
    5       0.45450892
    6       0.45450892
    7       0.60314943

l-shell populations (up)
 Atom Sh.   l       Population
    1   1   0       0.71535666
    1   2   1       1.87029773
    2   1   0       0.64912460
    2   2   1       1.37419844
    3   1   0       0.43942765
    4   1   0       0.43942765
    5   1   0       0.45450892
    6   1   0       0.45450892
    7   1   0       0.60314943

Orbital populations (up)
 Atom Sh.   l   m       Population  Label
    1   1   0   0       0.71535666  s
    1   2   1  -1       0.51535743  p_y
    1   2   1   0       0.47466747  p_z
    1   2   1   1       0.88027283  p_x
    2   1   0   0       0.64912460  s
    2   2   1  -1       0.47834442  p_y
    2   2   1   0       0.47299685  p_z
    2   2   1   1       0.42285716  p_x
    3   1   0   0       0.43942765  s
    4   1   0   0       0.43942765  s
    5   1   0   0       0.45450892  s
    6   1   0   0       0.45450892  s
    7   1   0   0       0.60314943  s

Nr. of electrons (down):      6.00000000
Atom populations (down)
 Atom       Population
    1       1.75674820
    2       2.07871030
    3       0.45947709
    4       0.45947709
    5       0.44821549
    6       0.44821549
    7       0.34915634

l-shell populations (down)
 Atom Sh.   l       Population
    1   1   0       0.63342934
    1   2   1       1.12331886
    2   1   0       0.66399508
    2   2   1       1.41471522
    3   1   0       0.45947709
    4   1   0       0.45947709
    5   1   0       0.44821549
    6   1   0       0.44821549
    7   1   0       0.34915634

Orbital populations (down)
 Atom Sh.   l   m       Population  Label
    1   1   0   0       0.63342934  s
    1   2   1  -1       0.47083764  p_y
    1   2   1   0       0.43690864  p_z
    1   2   1   1       0.21557258  p_x
    2   1   0   0       0.66399508  s
    2   2   1  -1       0.48262534  p_y
    2   2   1   0       0.49830520  p_z
    2   2   1   1       0.43378468  p_x
    3   1   0   0       0.45947709  s
    4   1   0   0       0.45947709  s
    5   1   0   0       0.44821549  s
    6   1   0   0       0.44821549  s
    7   1   0   0       0.34915634  s

Spin  up
Fermi level:                        -0.0883686970 H           -2.4046 eV
Band energy:                        -2.5913648536 H          -70.5146 eV
TS:                                  0.0000000000 H            0.0000 eV
Band free energy (E-TS):            -2.5913648536 H          -70.5146 eV
Extrapolated E(0K):                 -2.5913648536 H          -70.5146 eV
Input / Output electrons (up):      7.0000000000      7.0000000000

Spin  down
Fermi level:                        -0.2033012797 H           -5.5321 eV
Band energy:                        -2.3578999005 H          -64.1617 eV
TS:                                  0.0000000000 H            0.0000 eV
Band free energy (E-TS):            -2.3578999005 H          -64.1617 eV
Extrapolated E(0K):                 -2.3578999005 H          -64.1617 eV
Input / Output electrons (down):      6.0000000000      6.0000000000

Energy H0:                          -5.0735480128 H         -138.0583 eV
Energy SCC:                          0.0046742197 H            0.1272 eV
Energy SPIN:                        -0.0104423399 H           -0.2842 eV
Energy 3rd:                         -0.0007127329 H           -0.0194 eV
Total Electronic energy:            -5.0800288658 H         -138.2346 eV
Repulsive energy:                   -0.0643444855 H           -1.7509 eV
Total energy:                       -5.1443733513 H         -139.9855 eV
Extrapolated to 0:                  -5.1443733513 H         -139.9855 eV
Total Mermin free energy:           -5.1443733513 H         -139.9855 eV
Force related energy:               -5.1443733513 H         -139.9855 eV

SCC converged

Total Forces
    1     -0.068337109975     -0.000000000001      0.025661019735
    2      0.147037616143      0.000000000004      0.008477332831
    3      0.008271731139      0.002422929401      0.002105235679
    4      0.008271731139     -0.002422929401      0.002105235679
    5     -0.016685698072      0.002321575829     -0.000031236967
    6     -0.016685698069     -0.002321575828     -0.000031236967
    7     -0.061872572305     -0.000000000004     -0.038286349990

Maximal derivative component:        0.147038E+00 au

Dipole moment:   -0.10270439    0.00000000   -0.39184192 au
Dipole moment:   -0.26104855    0.00000000   -0.99596289 Debye


